Site 4  [Site                ] INFO    Site 4 started
Site 4  [Server              ] INFO    Server listening at /127.0.0.1:9004
Site 4  [Client              ] INFO    Connecting to 127.0.0.1:9005  ...
Site 4  [Client              ] INFO    Connecting to 127.0.0.1:9001  ...
Site 4  [Client              ] INFO    Connecting to 127.0.0.1:9003  ...
Site 4  [Client              ] WARNING Connection failed for 127.0.0.1:9005 (attempt 1/60): Connection refused
Site 4  [Client              ] INFO    Connected to 127.0.0.1:9003
Site 4  [Client              ] INFO    Connected to 127.0.0.1:9001
Site 4  [Client              ] INFO    Connecting to 127.0.0.1:9005  ...
Site 4  [Client              ] INFO    Connected to 127.0.0.1:9005
Site 4  [Site                ] INFO    Local Command: <ReqResourceLockMsg, resourceId: 21>
Site 4  [ResourceManager     ] INFO    Requesting Resource 21 from Site 2.
Site 4  [Client              ] INFO    Outgoing message: <ReqResourceLockMsg, sender: 4, recipient: 2, resourceId: 21>
Site 4  [Site                ] INFO    Remote Message: <ResourceLockAckMsg, sender: 2, recipient: 4, resourceId: 21, isGranted: false, holderSiteId: 1, waitersForResource: []>
Site 4  [ResourceManager     ] INFO    Resource 21 is in use by site 1. Querying site 1 for public label.
Site 4  [Client              ] INFO    Outgoing message: <PublicLabelQueryMsg, sender: 4, recipient: 1, resourceId: 21>
Site 4  [Site                ] INFO    Remote Message: <PublicLabelQueryReplyMsg, sender: 1, recipient: 4, publicLabel: <1, 1>, resourceId: 21>
Site 4  [ResourceManager     ] INFO    (BLOCK RULE) Before: u/v = <4, 4>/<4, 4> 	 After: u/v = <5, 4>/<5, 4>
Site 4  [Client              ] INFO    Outgoing message: <PublicLabelQueryMsg, sender: 5, recipient: 1, resourceId: 21>
Site 4  [Client              ] INFO    Outgoing message: <PublicLabelQueryReplyMsg, sender: 1, recipient: 5, publicLabel: <1, 1>, resourceId: 21>
Site 4  [Site                ] INFO    Local Command: <PrintStatusMsg>
Site 4  [ResourceManager     ] INFO    
==================== Resource Manager ====================
Public Label : <5, 4>
Private Label: <5, 4>

Acquired Resources: -

Waiting Sites: -

Own Resources:
  Resource 41   Holder: null Waiting: -
  Resource 42   Holder: null Waiting: -

==========================================================

Site 4  [Site                ] INFO    Local Command: <PrintStatusMsg>
Site 4  [ResourceManager     ] INFO    
==================== Resource Manager ====================
Public Label : <5, 4>
Private Label: <5, 4>

Acquired Resources: -

Waiting Sites: -

Own Resources:
  Resource 41   Holder: null Waiting: -
  Resource 42   Holder: null Waiting: -

==========================================================

Site 4  [Site                ] INFO    Local Command: <ReqResourceLockMsg, resourceId: 41>
Site 4  [ResourceManager     ] INFO    Requesting Resource 41 from Site 4.
Site 4  [Site                ] INFO    Remote Message: <ReqResourceLockMsg, sender: 4, recipient: 4, resourceId: 41>
Site 4  [ResourceManager     ] INFO    Sending lock request acknowledgement to Site 4 for Resource 41 (granted=true, holder=Site 4).
Site 4  [Site                ] INFO    Remote Message: <ResourceLockAckMsg, sender: 4, recipient: 4, resourceId: 41, isGranted: true, holderSiteId: 4, waitersForResource: []>
Site 4  [ResourceManager     ] INFO    Resource 41 granted by site 4
Site 4  [Site                ] INFO    Local Command: <PrintStatusMsg>
Site 4  [ResourceManager     ] INFO    
==================== Resource Manager ====================
Public Label : <5, 4>
Private Label: <5, 4>

Acquired Resources: 41

Waiting Sites: {41=[]}

Own Resources:
  Resource 41   Holder: 4   Waiting: -
  Resource 42   Holder: null Waiting: -

==========================================================

Site 4  [Site                ] INFO    Remote Message: <ReqResourceLockMsg, sender: 3, recipient: 4, resourceId: 41>
Site 4  [ResourceManager     ] INFO    Resource 41 is held by Site 4. Notifying holder that Site 3 is waiting.
Site 4  [ResourceManager     ] INFO    Sending lock request acknowledgement to Site 3 for Resource 41 (granted=false, holder=Site 4).
Site 4  [Client              ] INFO    Outgoing message: <ResourceLockAckMsg, sender: 4, recipient: 3, resourceId: 41, isGranted: false, holderSiteId: 4, waitersForResource: []>
Site 4  [Site                ] INFO    Remote Message: <AddWaitingSiteMsg, sender: 4, recipient: 4, waitingSiteId: 3, resourceId: 41>
Site 4  [ResourceManager     ] INFO    Site 3 is waiting on me
Site 4  [Site                ] INFO    Remote Message: <PublicLabelQueryMsg, sender: 3, recipient: 4, resourceId: 41>
Site 4  [ResourceManager     ] INFO    Sending public label <5, 4> to asking site: 3
Site 4  [Client              ] INFO    Outgoing message: <PublicLabelQueryReplyMsg, sender: 4, recipient: 3, publicLabel: <5, 4>, resourceId: 41>
Site 4  [Site                ] INFO    Remote Message: <PublicLabelTransmitMsg, sender: 3, recipient: 4, publicLabel: <6, 3>, resourceId: 21>
Site 4  [ResourceManager     ] INFO    (TRANSMIT RULE) Before: u/v = <5, 4>/<5, 4> 	 After: u/v = <6, 3>/<5, 4>
Site 4  [ResourceManager     ] INFO    Transmitting updated public label <6, 3> to waiting sites: [3] for resource: 41
Site 4  [Client              ] INFO    Outgoing message: <PublicLabelTransmitMsg, sender: 4, recipient: 3, publicLabel: <6, 3>, resourceId: 41>
Site 4  [Server              ] SEVERE  Error reading input stream from client /127.0.0.1:41684
java.io.EOFException
Site 4  [Site                ] INFO    Shutting down...
